Archive member included to satisfy reference by file (symbol)

/usr/lib/gcc/arm-none-eabi/15.2.0/../../../../arm-none-eabi/lib/thumb/v6-m/nofp/libc_nano.a(libc_a-atexit.o)
                              /usr/lib/gcc/arm-none-eabi/15.2.0/../../../../arm-none-eabi/lib/thumb/v6-m/nofp/crt0.o (atexit)
/usr/lib/gcc/arm-none-eabi/15.2.0/../../../../arm-none-eabi/lib/thumb/v6-m/nofp/libc_nano.a(libc_a-exit.o)
                              /usr/lib/gcc/arm-none-eabi/15.2.0/../../../../arm-none-eabi/lib/thumb/v6-m/nofp/crt0.o (exit)
/usr/lib/gcc/arm-none-eabi/15.2.0/../../../../arm-none-eabi/lib/thumb/v6-m/nofp/libc_nano.a(libc_a-findfp.o)
                              /usr/lib/gcc/arm-none-eabi/15.2.0/../../../../arm-none-eabi/lib/thumb/v6-m/nofp/libc_nano.a(libc_a-exit.o) (__stdio_exit_handler)
/usr/lib/gcc/arm-none-eabi/15.2.0/../../../../arm-none-eabi/lib/thumb/v6-m/nofp/libc_nano.a(libc_a-fwalk.o)
                              /usr/lib/gcc/arm-none-eabi/15.2.0/../../../../arm-none-eabi/lib/thumb/v6-m/nofp/libc_nano.a(libc_a-findfp.o) (_fwalk_sglue)
/usr/lib/gcc/arm-none-eabi/15.2.0/../../../../arm-none-eabi/lib/thumb/v6-m/nofp/libc_nano.a(libc_a-stdio.o)
                              /usr/lib/gcc/arm-none-eabi/15.2.0/../../../../arm-none-eabi/lib/thumb/v6-m/nofp/libc_nano.a(libc_a-findfp.o) (__sread)
/usr/lib/gcc/arm-none-eabi/15.2.0/../../../../arm-none-eabi/lib/thumb/v6-m/nofp/libc_nano.a(libc_a-memset.o)
                              /usr/lib/gcc/arm-none-eabi/15.2.0/../../../../arm-none-eabi/lib/thumb/v6-m/nofp/crt0.o (memset)
/usr/lib/gcc/arm-none-eabi/15.2.0/../../../../arm-none-eabi/lib/thumb/v6-m/nofp/libc_nano.a(libc_a-closer.o)
                              /usr/lib/gcc/arm-none-eabi/15.2.0/../../../../arm-none-eabi/lib/thumb/v6-m/nofp/libc_nano.a(libc_a-stdio.o) (_close_r)
/usr/lib/gcc/arm-none-eabi/15.2.0/../../../../arm-none-eabi/lib/thumb/v6-m/nofp/libc_nano.a(libc_a-reent.o)
                              /usr/lib/gcc/arm-none-eabi/15.2.0/../../../../arm-none-eabi/lib/thumb/v6-m/nofp/libc_nano.a(libc_a-closer.o) (errno)
/usr/lib/gcc/arm-none-eabi/15.2.0/../../../../arm-none-eabi/lib/thumb/v6-m/nofp/libc_nano.a(libc_a-impure.o)
                              /usr/lib/gcc/arm-none-eabi/15.2.0/../../../../arm-none-eabi/lib/thumb/v6-m/nofp/libc_nano.a(libc_a-reent.o) (_impure_ptr)
/usr/lib/gcc/arm-none-eabi/15.2.0/../../../../arm-none-eabi/lib/thumb/v6-m/nofp/libc_nano.a(libc_a-lseekr.o)
                              /usr/lib/gcc/arm-none-eabi/15.2.0/../../../../arm-none-eabi/lib/thumb/v6-m/nofp/libc_nano.a(libc_a-stdio.o) (_lseek_r)
/usr/lib/gcc/arm-none-eabi/15.2.0/../../../../arm-none-eabi/lib/thumb/v6-m/nofp/libc_nano.a(libc_a-readr.o)
                              /usr/lib/gcc/arm-none-eabi/15.2.0/../../../../arm-none-eabi/lib/thumb/v6-m/nofp/libc_nano.a(libc_a-stdio.o) (_read_r)
/usr/lib/gcc/arm-none-eabi/15.2.0/../../../../arm-none-eabi/lib/thumb/v6-m/nofp/libc_nano.a(libc_a-writer.o)
                              /usr/lib/gcc/arm-none-eabi/15.2.0/../../../../arm-none-eabi/lib/thumb/v6-m/nofp/libc_nano.a(libc_a-stdio.o) (_write_r)
/usr/lib/gcc/arm-none-eabi/15.2.0/../../../../arm-none-eabi/lib/thumb/v6-m/nofp/libc_nano.a(libc_a-errno.o)
                              build/sysmem.o (__errno)
/usr/lib/gcc/arm-none-eabi/15.2.0/../../../../arm-none-eabi/lib/thumb/v6-m/nofp/libc_nano.a(libc_a-init.o)
                              /usr/lib/gcc/arm-none-eabi/15.2.0/../../../../arm-none-eabi/lib/thumb/v6-m/nofp/crt0.o (__libc_init_array)
/usr/lib/gcc/arm-none-eabi/15.2.0/../../../../arm-none-eabi/lib/thumb/v6-m/nofp/libc_nano.a(libc_a-fini.o)
                              /usr/lib/gcc/arm-none-eabi/15.2.0/../../../../arm-none-eabi/lib/thumb/v6-m/nofp/crt0.o (__libc_fini_array)
/usr/lib/gcc/arm-none-eabi/15.2.0/../../../../arm-none-eabi/lib/thumb/v6-m/nofp/libc_nano.a(libc_a-lock.o)
                              /usr/lib/gcc/arm-none-eabi/15.2.0/../../../../arm-none-eabi/lib/thumb/v6-m/nofp/libc_nano.a(libc_a-findfp.o) (__retarget_lock_init_recursive)
/usr/lib/gcc/arm-none-eabi/15.2.0/../../../../arm-none-eabi/lib/thumb/v6-m/nofp/libc_nano.a(libc_a-__atexit.o)
                              /usr/lib/gcc/arm-none-eabi/15.2.0/../../../../arm-none-eabi/lib/thumb/v6-m/nofp/libc_nano.a(libc_a-atexit.o) (__register_exitproc)
/usr/lib/gcc/arm-none-eabi/15.2.0/../../../../arm-none-eabi/lib/thumb/v6-m/nofp/libc_nano.a(libc_a-__call_atexit.o)
                              /usr/lib/gcc/arm-none-eabi/15.2.0/../../../../arm-none-eabi/lib/thumb/v6-m/nofp/libc_nano.a(libc_a-__atexit.o) (__call_exitprocs)
/usr/lib/gcc/arm-none-eabi/15.2.0/../../../../arm-none-eabi/lib/thumb/v6-m/nofp/libc_nano.a(libc_a-freer.o)
                              /usr/lib/gcc/arm-none-eabi/15.2.0/../../../../arm-none-eabi/lib/thumb/v6-m/nofp/libc_nano.a(libc_a-reent.o) (_free_r)
/usr/lib/gcc/arm-none-eabi/15.2.0/../../../../arm-none-eabi/lib/thumb/v6-m/nofp/libc_nano.a(libc_a-mallocr.o)
[...]
Memory Configuration

Name             Origin             Length             Attributes
RAM              0x20000000         0x00024000         xrw
FLASH            0x08000000         0x00020000         xr
*default*        0x00000000         0xffffffff

Linker script and memory map

LOAD /usr/lib/gcc/arm-none-eabi/15.2.0/thumb/v6-m/nofp/crti.o
LOAD /usr/lib/gcc/arm-none-eabi/15.2.0/thumb/v6-m/nofp/crtbegin.o
LOAD /usr/lib/gcc/arm-none-eabi/15.2.0/../../../../arm-none-eabi/lib/thumb/v6-m/nofp/crt0.o
LOAD build/main.o
LOAD build/stm32g0xx_it.o
LOAD build/stm32g0xx_ll_gpio.o
LOAD build/stm32g0xx_ll_exti.o
LOAD build/stm32g0xx_ll_adc.o
LOAD build/stm32g0xx_ll_dma.o
LOAD build/stm32g0xx_ll_rcc.o
LOAD build/stm32g0xx_ll_utils.o
LOAD build/stm32g0xx_ll_crs.o
LOAD build/stm32g0xx_ll_pwr.o
LOAD build/stm32g0xx_ll_tim.o
LOAD build/stm32g0xx_ll_usart.o
LOAD build/system_stm32g0xx.o
LOAD build/sysmem.o
LOAD build/syscalls.o
LOAD build/app.o
LOAD build/uart.o
LOAD build/startup_stm32g0b1xx.o
LOAD /usr/lib/gcc/arm-none-eabi/15.2.0/../../../../arm-none-eabi/lib/thumb/v6-m/nofp/libc_nano.a
LOAD /usr/lib/gcc/arm-none-eabi/15.2.0/../../../../arm-none-eabi/lib/thumb/v6-m/nofp/libm.a
LOAD /usr/lib/gcc/arm-none-eabi/15.2.0/../../../../arm-none-eabi/lib/thumb/v6-m/nofp/libnosys.a
START GROUP
LOAD /usr/lib/gcc/arm-none-eabi/15.2.0/thumb/v6-m/nofp/libgcc.a
LOAD /usr/lib/gcc/arm-none-eabi/15.2.0/../../../../arm-none-eabi/lib/thumb/v6-m/nofp/libc_nano.a
END GROUP
START GROUP
LOAD /usr/lib/gcc/arm-none-eabi/15.2.0/thumb/v6-m/nofp/libgcc.a
LOAD /usr/lib/gcc/arm-none-eabi/15.2.0/../../../../arm-none-eabi/lib/thumb/v6-m/nofp/libc_nano.a
END GROUP
LOAD /usr/lib/gcc/arm-none-eabi/15.2.0/thumb/v6-m/nofp/crtend.o
LOAD /usr/lib/gcc/arm-none-eabi/15.2.0/thumb/v6-m/nofp/crtn.o
                0x20024000                        _estack = (ORIGIN (RAM) + LENGTH (RAM))
                0x00000200                        _Min_Heap_Size = 0x200
                0x00001000                        _Min_Stack_Size = 0x1000

.isr_vector     0x08000000       0xbc
                0x08000000                        . = ALIGN (0x4)
 *(.isr_vector)
 .isr_vector    0x08000000       0xbc build/startup_stm32g0b1xx.o
                0x08000000                g_pfnVectors
                0x080000bc                        . = ALIGN (0x4)

.text           0x080000bc     0x1280
                0x080000bc                        . = ALIGN (0x4)
 *(.text)
 .text          0x080000bc       0x98 /usr/lib/gcc/arm-none-eabi/15.2.0/thumb/v6-m/nofp/crtbegin.o
 .text          0x08000154      0x114 /usr/lib/gcc/arm-none-eabi/15.2.0/thumb/v6-m/nofp/libgcc.a(_udivsi3.o)
                0x08000154                __udivsi3
                0x08000154                __aeabi_uidiv
                0x08000260                __aeabi_uidivmod
 .text          0x08000268        0x4 /usr/lib/gcc/arm-none-eabi/15.2.0/thumb/v6-m/nofp/libgcc.a(_dvmd_tls.o)
                0x08000268                __aeabi_ldiv0
                0x08000268                __aeabi_idiv0
 *(.text*)
 .text.LL_TIM_OC_DisableFast
                0x0800026c       0x74 build/main.o
 .text.MX_GPIO_Init
                0x080002e0       0x1c build/main.o
 .text.MX_TIM1_Init
                0x080002fc      0x17c build/main.o
 .text.MX_USART1_UART_Init
                0x08000478      0x120 build/main.o
 .text.MX_ADC1_Init
                0x08000598      0x14c build/main.o
 .text.SystemClock_Config
                0x080006e4       0xd4 build/main.o
                0x080006e4                SystemClock_Config
 .text.main     0x080007b8       0x70 build/main.o
                0x080007b8                main
 .text.NMI_Handler
                0x08000828        0x2 build/stm32g0xx_it.o
                0x08000828                NMI_Handler
 .text.HardFault_Handler
                0x0800082a        0x2 build/stm32g0xx_it.o
                0x0800082a                HardFault_Handler
 .text.SVC_Handler
                0x0800082c        0x2 build/stm32g0xx_it.o
                0x0800082c                SVC_Handler
 .text.PendSV_Handler
                0x0800082e        0x2 build/stm32g0xx_it.o
                0x0800082e                PendSV_Handler
 .text.SysTick_Handler
                0x08000830       0x10 build/stm32g0xx_it.o
                0x08000830                SysTick_Handler
 .text.USART1_IRQHandler
                0x08000840        0x2 build/stm32g0xx_it.o
                0x08000840                USART1_IRQHandler
 .text.LL_GPIO_Init
                0x08000842       0xba build/stm32g0xx_ll_gpio.o
                0x08000842                LL_GPIO_Init
 .text.LL_ADC_Init
                0x080008fc       0x34 build/stm32g0xx_ll_adc.o
                0x080008fc                LL_ADC_Init
 .text.LL_ADC_REG_Init
                0x08000930       0x6c build/stm32g0xx_ll_adc.o
                0x08000930                LL_ADC_REG_Init
 .text.RCC_GetHCLKClockFreq
                0x0800099c       0x20 build/stm32g0xx_ll_rcc.o
 .text.RCC_GetPCLK1ClockFreq
                0x080009bc       0x20 build/stm32g0xx_ll_rcc.o
 .text.RCC_PLL_GetFreqDomain_SYS
                0x080009dc       0x48 build/stm32g0xx_ll_rcc.o
 .text.RCC_GetSystemClockFreq
                0x08000a24       0x38 build/stm32g0xx_ll_rcc.o
 .text.LL_RCC_GetSystemClocksFreq
                0x08000a5c       0x18 build/stm32g0xx_ll_rcc.o
                0x08000a5c                LL_RCC_GetSystemClocksFreq
 .text.LL_RCC_GetUSARTClockFreq
                0x08000a74      0x14c build/stm32g0xx_ll_rcc.o
                0x08000a74                LL_RCC_GetUSARTClockFreq
 .text.LL_Init1msTick
                0x08000bc0       0x20 build/stm32g0xx_ll_utils.o
                0x08000bc0                LL_Init1msTick
 .text.LL_SetSystemCoreClock
                0x08000be0        0xc build/stm32g0xx_ll_utils.o
                0x08000be0                LL_SetSystemCoreClock
 .text.OC1Config
                0x08000bec       0x94 build/stm32g0xx_ll_tim.o
 .text.OC2Config
                0x08000c80       0xa0 build/stm32g0xx_ll_tim.o
 .text.OC3Config
                0x08000d20       0xa4 build/stm32g0xx_ll_tim.o
 .text.OC4Config
                0x08000dc4       0x84 build/stm32g0xx_ll_tim.o
 .text.OC5Config
                0x08000e48       0x84 build/stm32g0xx_ll_tim.o
 .text.OC6Config
                0x08000ecc       0x80 build/stm32g0xx_ll_tim.o
 .text.LL_TIM_Init
                0x08000f4c       0xb0 build/stm32g0xx_ll_tim.o
                0x08000f4c                LL_TIM_Init
 .text.LL_TIM_OC_Init
                0x08000ffc       0x5c build/stm32g0xx_ll_tim.o
                0x08000ffc                LL_TIM_OC_Init
 .text.LL_TIM_BDTR_Init
                0x08001058       0x9c build/stm32g0xx_ll_tim.o
                0x08001058                LL_TIM_BDTR_Init
 .text.LL_USART_SetBaudRate
                0x080010f4       0x70 build/stm32g0xx_ll_usart.o
 .text.LL_USART_Init
                0x08001164       0xfc build/stm32g0xx_ll_usart.o
                0x08001164                LL_USART_Init
 .text.SystemInit
                0x08001260        0x2 build/system_stm32g0xx.o
                0x08001260                SystemInit
 *fill*         0x08001262        0x2 
 .text.app_init
                0x08001264       0x10 build/app.o
                0x08001264                app_init
 .text.app_update
                0x08001274        0x2 build/app.o
                0x08001274                app_update
 *fill*         0x08001276        0x2 
 .text.Reset_Handler
                0x08001278       0x50 build/startup_stm32g0b1xx.o
                0x08001278                Reset_Handler
 .text.Default_Handler
                0x080012c8        0x2 build/startup_stm32g0b1xx.o
                0x080012c8                I2C2_3_IRQHandler
                0x080012c8                USART3_4_5_6_LPUART1_IRQHandler
                0x080012c8                TIM1_CC_IRQHandler
                0x080012c8                ADC1_COMP_IRQHandler
                0x080012c8                I2C1_IRQHandler
                0x080012c8                TIM7_LPTIM2_IRQHandler
                0x080012c8                TIM17_FDCAN_IT1_IRQHandler
                0x080012c8                DMA1_Ch4_7_DMA2_Ch1_5_DMAMUX1_OVR_IRQHandler
                0x080012c8                RCC_CRS_IRQHandler
                0x080012c8                RTC_TAMP_IRQHandler
                0x080012c8                SPI1_IRQHandler
                0x080012c8                USB_UCPD1_2_IRQHandler
                0x080012c8                EXTI2_3_IRQHandler
                0x080012c8                USART2_LPUART2_IRQHandler
                0x080012c8                PVD_VDDIO2_IRQHandler
                0x080012c8                EXTI4_15_IRQHandler
                0x080012c8                DMA1_Channel1_IRQHandler
                0x080012c8                Default_Handler
                0x080012c8                CEC_IRQHandler
                0x080012c8                TIM14_IRQHandler
                0x080012c8                TIM15_IRQHandler
                0x080012c8                TIM3_TIM4_IRQHandler
                0x080012c8                EXTI0_1_IRQHandler
                0x080012c8                SPI2_3_IRQHandler
                0x080012c8                TIM6_DAC_LPTIM1_IRQHandler
                0x080012c8                WWDG_IRQHandler
                0x080012c8                TIM2_IRQHandler
                0x080012c8                DMA1_Channel2_3_IRQHandler
                0x080012c8                FLASH_IRQHandler
                0x080012c8                TIM16_FDCAN_IT0_IRQHandler
                0x080012c8                TIM1_BRK_UP_TRG_COM_IRQHandler
 .text.memset   0x080012ca       0x10 /usr/lib/gcc/arm-none-eabi/15.2.0/../../../../arm-none-eabi/lib/thumb/v6-m/nofp/libc_nano.a(libc_a-memset.o)
                0x080012ca                memset
 *fill*         0x080012da        0x2 
 .text.__libc_init_array
                0x080012dc       0x48 /usr/lib/gcc/arm-none-eabi/15.2.0/../../../../arm-none-eabi/lib/thumb/v6-m/nofp/libc_nano.a(libc_a-init.o)
                0x080012dc                __libc_init_array
 *(.glue_7)
 .glue_7        0x08001324        0x0 linker stubs
 *(.glue_7t)
 .glue_7t       0x08001324        0x0 linker stubs
 *(.eh_frame)
 .eh_frame      0x08001324        0x0 /usr/lib/gcc/arm-none-eabi/15.2.0/thumb/v6-m/nofp/crtbegin.o
 *(.init)
 .init          0x08001324        0x4 /usr/lib/gcc/arm-none-eabi/15.2.0/thumb/v6-m/nofp/crti.o
                0x08001324                _init
 .init          0x08001328        0x8 /usr/lib/gcc/arm-none-eabi/15.2.0/thumb/v6-m/nofp/crtn.o
 *(.fini)
 .fini          0x08001330        0x4 /usr/lib/gcc/arm-none-eabi/15.2.0/thumb/v6-m/nofp/crti.o
                0x08001330                _fini
 .fini          0x08001334        0x8 /usr/lib/gcc/arm-none-eabi/15.2.0/thumb/v6-m/nofp/crtn.o
                0x0800133c                        . = ALIGN (0x4)
                0x0800133c                        _etext = .

.vfp11_veneer   0x0800133c        0x0
 .vfp11_veneer  0x0800133c        0x0 linker stubs

.v4_bx          0x0800133c        0x0
 .v4_bx         0x0800133c        0x0 linker stubs

.iplt           0x0800133c        0x0
 .iplt          0x0800133c        0x0 /usr/lib/gcc/arm-none-eabi/15.2.0/thumb/v6-m/nofp/crtbegin.o

.rodata         0x0800133c       0xb8
                0x0800133c                        . = ALIGN (0x4)
 *(.rodata)
 *(.rodata*)
 .rodata.SHIFT_TAB_OCxx
                0x0800133c        0x9 build/main.o
 *fill*         0x08001345        0x3 
 .rodata.OFFSET_TAB_CCMRx
                0x08001348        0x9 build/main.o
 *fill*         0x08001351        0x3 
 .rodata.USART_PRESCALER_TAB
                0x08001354       0x40 build/stm32g0xx_ll_usart.o
 .rodata.APBPrescTable
                0x08001394       0x20 build/system_stm32g0xx.o
                0x08001394                APBPrescTable
 .rodata.AHBPrescTable
                0x080013b4       0x40 build/system_stm32g0xx.o
                0x080013b4                AHBPrescTable
                0x080013f4                        . = ALIGN (0x4)

.ARM.extab      0x080013f4        0x0
                0x080013f4                        . = ALIGN (0x4)
 *(.ARM.extab* .gnu.linkonce.armextab.*)
                0x080013f4                        . = ALIGN (0x4)

.ARM            0x080013f4        0x0
                0x080013f4                        . = ALIGN (0x4)
                0x080013f4                        __exidx_start = .
 *(.ARM.exidx*)
                0x080013f4                        __exidx_end = .
                0x080013f4                        . = ALIGN (0x4)

.preinit_array  0x080013f4        0x0
                0x080013f4                        . = ALIGN (0x4)
                0x080013f4                        PROVIDE (__preinit_array_start = .)
 *(.preinit_array*)
                0x080013f4                        PROVIDE (__preinit_array_end = .)
                0x080013f4                        . = ALIGN (0x4)

.init_array     0x080013f4        0x4
                0x080013f4                        . = ALIGN (0x4)
                0x080013f4                        PROVIDE (__init_array_start = .)
 *(SORT_BY_NAME(.init_array.*))
 *(.init_array*)
 .init_array    0x080013f4        0x4 /usr/lib/gcc/arm-none-eabi/15.2.0/thumb/v6-m/nofp/crtbegin.o
                0x080013f8                        PROVIDE (__init_array_end = .)
                0x080013f8                        . = ALIGN (0x4)

.fini_array     0x080013f8        0x4
                0x080013f8                        . = ALIGN (0x4)
                0x080013f8                        PROVIDE (__fini_array_start = .)
 *(SORT_BY_NAME(.fini_array.*))
 *(.fini_array*)
 .fini_array    0x080013f8        0x4 /usr/lib/gcc/arm-none-eabi/15.2.0/thumb/v6-m/nofp/crtbegin.o
                0x080013fc                        PROVIDE (__fini_array_end = .)
                0x080013fc                        . = ALIGN (0x4)
                0x080013fc                        _sidata = LOADADDR (.data)

.rel.dyn        0x080013fc        0x0
 .rel.iplt      0x080013fc        0x0 /usr/lib/gcc/arm-none-eabi/15.2.0/thumb/v6-m/nofp/crtbegin.o

.data           0x20000000        0x4 load address 0x080013fc
                0x20000000                        . = ALIGN (0x4)
                0x20000000                        _sdata = .
 *(.data)
 *(.data*)
 .data.SystemCoreClock
                0x20000000        0x4 build/system_stm32g0xx.o
                0x20000000                SystemCoreClock
 *(.RamFunc)
 *(.RamFunc*)
                0x20000004                        . = ALIGN (0x4)
                0x20000004                        _edata = .

.tm_clone_table
                0x20000004        0x0 load address 0x08001400
 .tm_clone_table
                0x20000004        0x0 /usr/lib/gcc/arm-none-eabi/15.2.0/thumb/v6-m/nofp/crtbegin.o
 .tm_clone_table
                0x20000004        0x0 /usr/lib/gcc/arm-none-eabi/15.2.0/thumb/v6-m/nofp/crtend.o

.igot.plt       0x20000004        0x0 load address 0x08001400
 .igot.plt      0x20000004        0x0 /usr/lib/gcc/arm-none-eabi/15.2.0/thumb/v6-m/nofp/crtbegin.o
                0x20000004                        . = ALIGN (0x4)

.bss            0x20000004       0x20 load address 0x08001400
                0x20000004                        _sbss = .
                0x20000004                        __bss_start__ = _sbss
 *(.bss)
 .bss           0x20000004       0x1c /usr/lib/gcc/arm-none-eabi/15.2.0/thumb/v6-m/nofp/crtbegin.o
 *(.bss*)
 .bss.systick_counter
                0x20000020        0x4 build/uart.o
                0x20000020                systick_counter
 *(COMMON)
                0x20000024                        . = ALIGN (0x4)
                0x20000024                        _ebss = .
                0x20000024                        __bss_end__ = _ebss

._user_heap_stack
                0x20000024     0x1204 load address 0x08001400
                0x20000028                        . = ALIGN (0x8)
 *fill*         0x20000024        0x4 
                [!provide]                        PROVIDE (end = .)
                0x20000028                        PROVIDE (_end = .)
                0x20000228                        . = (. + _Min_Heap_Size)
 *fill*         0x20000028      0x200 
                0x20001228                        . = (. + _Min_Stack_Size)
 *fill*         0x20000228     0x1000 
                0x20001228                        . = ALIGN (0x8)

/DISCARD/
 libc.a(*)
 libm.a(*)
 libgcc.a(*)
OUTPUT(build/payload_release_stm32G0B1KBT.elf elf32-littlearm)
LOAD linker stubs
LOAD /usr/lib/gcc/arm-none-eabi/15.2.0/../../../../arm-none-eabi/lib/thumb/v6-m/nofp/libc.a
LOAD /usr/lib/gcc/arm-none-eabi/15.2.0/../../../../arm-none-eabi/lib/thumb/v6-m/nofp/libm.a
LOAD /usr/lib/gcc/arm-none-eabi/15.2.0/thumb/v6-m/nofp/libgcc.a

.ARM.attributes
                0x00000000       0x28
 .ARM.attributes
                0x00000000       0x1e /usr/lib/gcc/arm-none-eabi/15.2.0/thumb/v6-m/nofp/crti.o
 .ARM.attributes
                0x0000001e       0x2c /usr/lib/gcc/arm-none-eabi/15.2.0/thumb/v6-m/nofp/crtbegin.o
 .ARM.attributes
                0x0000004a       0x2c build/main.o
 .ARM.attributes
                0x00000076       0x2c build/stm32g0xx_it.o
 .ARM.attributes
                0x000000a2       0x2c build/stm32g0xx_ll_gpio.o
 .ARM.attributes
                0x000000ce       0x2c build/stm32g0xx_ll_adc.o
 .ARM.attributes
                0x000000fa       0x2c build/stm32g0xx_ll_rcc.o
 .ARM.attributes
                0x00000126       0x2c build/stm32g0xx_ll_utils.o
 .ARM.attributes
                0x00000152       0x2c build/stm32g0xx_ll_tim.o
 .ARM.attributes
                0x0000017e       0x2c build/stm32g0xx_ll_usart.o
 .ARM.attributes
                0x000001aa       0x2c build/system_stm32g0xx.o
 .ARM.attributes
                0x000001d6       0x2c build/app.o
 .ARM.attributes
                0x00000202       0x2c build/uart.o
 .ARM.attributes
                0x0000022e       0x22 build/startup_stm32g0b1xx.o
 .ARM.attributes
                0x00000250       0x2c /usr/lib/gcc/arm-none-eabi/15.2.0/../../../../arm-none-eabi/lib/thumb/v6-m/nofp/libc_nano.a(libc_a-memset.o)
 .ARM.attributes
                0x0000027c       0x2c /usr/lib/gcc/arm-none-eabi/15.2.0/../../../../arm-none-eabi/lib/thumb/v6-m/nofp/libc_nano.a(libc_a-init.o)
 .ARM.attributes
                0x000002a8       0x1e /usr/lib/gcc/arm-none-eabi/15.2.0/thumb/v6-m/nofp/libgcc.a(_udivsi3.o)
 .ARM.attributes
                0x000002c6       0x1e /usr/lib/gcc/arm-none-eabi/15.2.0/thumb/v6-m/nofp/libgcc.a(_dvmd_tls.o)
 .ARM.attributes
                0x000002e4       0x2c /usr/lib/gcc/arm-none-eabi/15.2.0/thumb/v6-m/nofp/crtend.o
 .ARM.attributes
                0x00000310       0x1e /usr/lib/gcc/arm-none-eabi/15.2.0/thumb/v6-m/nofp/crtn.o

.comment        0x00000000       0x46
 .comment       0x00000000       0x46 /usr/lib/gcc/arm-none-eabi/15.2.0/thumb/v6-m/nofp/crtbegin.o
                                 0x24 (size before relaxing)
 .comment       0x00000046        0x0 build/main.o
                                 0x24 (size before relaxing)
 .comment       0x00000046        0x0 build/stm32g0xx_it.o
                                 0x24 (size before relaxing)
 .comment       0x00000046        0x0 build/stm32g0xx_ll_gpio.o
                                 0x24 (size before relaxing)
 .comment       0x00000046        0x0 build/stm32g0xx_ll_adc.o
                                 0x24 (size before relaxing)
 .comment       0x00000046        0x0 build/stm32g0xx_ll_rcc.o
                                 0x24 (size before relaxing)
 .comment       0x00000046        0x0 build/stm32g0xx_ll_utils.o
                                 0x24 (size before relaxing)
 .comment       0x00000046        0x0 build/stm32g0xx_ll_tim.o
                                 0x24 (size before relaxing)
 .comment       0x00000046        0x0 build/stm32g0xx_ll_usart.o
                                 0x24 (size before relaxing)
 .comment       0x00000046        0x0 build/system_stm32g0xx.o
                                 0x24 (size before relaxing)
 .comment       0x00000046        0x0 build/app.o
                                 0x24 (size before relaxing)
 .comment       0x00000046        0x0 build/uart.o
                                 0x24 (size before relaxing)
 .comment       0x00000046        0x0 /usr/lib/gcc/arm-none-eabi/15.2.0/../../../../arm-none-eabi/lib/thumb/v6-m/nofp/libc_nano.a(libc_a-memset.o)
                                 0x24 (size before relaxing)
 .comment       0x00000046        0x0 /usr/lib/gcc/arm-none-eabi/15.2.0/../../../../arm-none-eabi/lib/thumb/v6-m/nofp/libc_nano.a(libc_a-init.o)
                                 0x24 (size before relaxing)
 .comment       0x00000046        0x0 /usr/lib/gcc/arm-none-eabi/15.2.0/thumb/v6-m/nofp/crtend.o
                                 0x24 (size before relaxing)

.debug_info     0x00000000     0x952d
 .debug_info    0x00000000     0x2915 build/main.o
 .debug_info    0x00002915      0x24a build/stm32g0xx_it.o
 .debug_info    0x00002b5f      0x945 build/stm32g0xx_ll_gpio.o
 .debug_info    0x000034a4      0xbaa build/stm32g0xx_ll_adc.o
 .debug_info    0x0000404e     0x1858 build/stm32g0xx_ll_rcc.o
 .debug_info    0x000058a6      0xd41 build/stm32g0xx_ll_utils.o
 .debug_info    0x000065e7     0x187f build/stm32g0xx_ll_tim.o
 .debug_info    0x00007e66      0xbaf build/stm32g0xx_ll_usart.o
 .debug_info    0x00008a15      0x387 build/system_stm32g0xx.o
 .debug_info    0x00008d9c      0x143 build/app.o
 .debug_info    0x00008edf      0x3af build/uart.o
 .debug_info    0x0000928e       0x30 build/startup_stm32g0b1xx.o
 .debug_info    0x000092be       0xe5 /usr/lib/gcc/arm-none-eabi/15.2.0/../../../../arm-none-eabi/lib/thumb/v6-m/nofp/libc_nano.a(libc_a-memset.o)
 .debug_info    0x000093a3      0x110 /usr/lib/gcc/arm-none-eabi/15.2.0/../../../../arm-none-eabi/lib/thumb/v6-m/nofp/libc_nano.a(libc_a-init.o)
 .debug_info    0x000094b3       0x3e /usr/lib/gcc/arm-none-eabi/15.2.0/thumb/v6-m/nofp/libgcc.a(_udivsi3.o)
 .debug_info    0x000094f1       0x3c /usr/lib/gcc/arm-none-eabi/15.2.0/thumb/v6-m/nofp/libgcc.a(_dvmd_tls.o)

.debug_abbrev   0x00000000     0x1b11
 .debug_abbrev  0x00000000      0x40a build/main.o
 .debug_abbrev  0x0000040a       0x92 build/stm32g0xx_it.o
 .debug_abbrev  0x0000049c      0x22f build/stm32g0xx_ll_gpio.o
 .debug_abbrev  0x000006cb      0x289 build/stm32g0xx_ll_adc.o
 .debug_abbrev  0x00000954      0x2eb build/stm32g0xx_ll_rcc.o
 .debug_abbrev  0x00000c3f      0x316 build/stm32g0xx_ll_utils.o
 .debug_abbrev  0x00000f55      0x2cd build/stm32g0xx_ll_tim.o
 .debug_abbrev  0x00001222      0x305 build/stm32g0xx_ll_usart.o
 .debug_abbrev  0x00001527      0x134 build/system_stm32g0xx.o
 .debug_abbrev  0x0000165b       0xea build/app.o
 .debug_abbrev  0x00001745      0x1ee build/uart.o
 .debug_abbrev  0x00001933       0x1d build/startup_stm32g0b1xx.o
 .debug_abbrev  0x00001950       0xa4 /usr/lib/gcc/arm-none-eabi/15.2.0/../../../../arm-none-eabi/lib/thumb/v6-m/nofp/libc_nano.a(libc_a-memset.o)
 .debug_abbrev  0x000019f4       0xcf /usr/lib/gcc/arm-none-eabi/15.2.0/../../../../arm-none-eabi/lib/thumb/v6-m/nofp/libc_nano.a(libc_a-init.o)
 .debug_abbrev  0x00001ac3       0x28 /usr/lib/gcc/arm-none-eabi/15.2.0/thumb/v6-m/nofp/libgcc.a(_udivsi3.o)
 .debug_abbrev  0x00001aeb       0x26 /usr/lib/gcc/arm-none-eabi/15.2.0/thumb/v6-m/nofp/libgcc.a(_dvmd_tls.o)

.debug_loc      0x00000000     0x4b4c
 .debug_loc     0x00000000      0x8f9 build/main.o
 .debug_loc     0x000008f9      0x4b4 build/stm32g0xx_ll_gpio.o
 .debug_loc     0x00000dad      0x531 build/stm32g0xx_ll_adc.o
 .debug_loc     0x000012de      0xfce build/stm32g0xx_ll_rcc.o
 .debug_loc     0x000022ac      0x786 build/stm32g0xx_ll_utils.o
 .debug_loc     0x00002a32     0x171c build/stm32g0xx_ll_tim.o
 .debug_loc     0x0000414e      0x83e build/stm32g0xx_ll_usart.o
 .debug_loc     0x0000498c       0xc9 build/system_stm32g0xx.o
 .debug_loc     0x00004a55       0xf7 build/uart.o

.debug_aranges  0x00000000      0x498
 .debug_aranges
                0x00000000       0x58 build/main.o
 .debug_aranges
                0x00000058       0x48 build/stm32g0xx_it.o
 .debug_aranges
                0x000000a0       0x30 build/stm32g0xx_ll_gpio.o
 .debug_aranges
                0x000000d0       0x58 build/stm32g0xx_ll_adc.o
 .debug_aranges
                0x00000128       0xd8 build/stm32g0xx_ll_rcc.o
 .debug_aranges
                0x00000200       0x60 build/stm32g0xx_ll_utils.o
 .debug_aranges
                0x00000260       0xd0 build/stm32g0xx_ll_tim.o
 .debug_aranges
                0x00000330       0x48 build/stm32g0xx_ll_usart.o
 .debug_aranges
                0x00000378       0x28 build/system_stm32g0xx.o
 .debug_aranges
                0x000003a0       0x28 build/app.o
 .debug_aranges
                0x000003c8       0x28 build/uart.o
 .debug_aranges
                0x000003f0       0x28 build/startup_stm32g0b1xx.o
 .debug_aranges
                0x00000418       0x20 /usr/lib/gcc/arm-none-eabi/15.2.0/../../../../arm-none-eabi/lib/thumb/v6-m/nofp/libc_nano.a(libc_a-memset.o)
 .debug_aranges
                0x00000438       0x20 /usr/lib/gcc/arm-none-eabi/15.2.0/../../../../arm-none-eabi/lib/thumb/v6-m/nofp/libc_nano.a(libc_a-init.o)
 .debug_aranges
                0x00000458       0x20 /usr/lib/gcc/arm-none-eabi/15.2.0/thumb/v6-m/nofp/libgcc.a(_udivsi3.o)
 .debug_aranges
                0x00000478       0x20 /usr/lib/gcc/arm-none-eabi/15.2.0/thumb/v6-m/nofp/libgcc.a(_dvmd_tls.o)

.debug_ranges   0x00000000      0x5e8
 .debug_ranges  0x00000000       0x90 build/main.o
 .debug_ranges  0x00000090       0x38 build/stm32g0xx_it.o
 .debug_ranges  0x000000c8       0x98 build/stm32g0xx_ll_gpio.o
 .debug_ranges  0x00000160       0x60 build/stm32g0xx_ll_adc.o
 .debug_ranges  0x000001c0       0xe0 build/stm32g0xx_ll_rcc.o
 .debug_ranges  0x000002a0       0x98 build/stm32g0xx_ll_utils.o
 .debug_ranges  0x00000338      0x198 build/stm32g0xx_ll_tim.o
 .debug_ranges  0x000004d0       0xb0 build/stm32g0xx_ll_usart.o
 .debug_ranges  0x00000580       0x18 build/system_stm32g0xx.o
 .debug_ranges  0x00000598       0x18 build/app.o
 .debug_ranges  0x000005b0       0x18 build/uart.o
 .debug_ranges  0x000005c8       0x20 build/startup_stm32g0b1xx.o

.debug_line     0x00000000     0x4cfe
 .debug_line    0x00000000      0xc44 build/main.o
 .debug_line    0x00000c44      0x194 build/stm32g0xx_it.o
 .debug_line    0x00000dd8      0x457 build/stm32g0xx_ll_gpio.o
 .debug_line    0x0000122f      0x544 build/stm32g0xx_ll_adc.o
 .debug_line    0x00001773     0x132e build/stm32g0xx_ll_rcc.o
 .debug_line    0x00002aa1      0x6ab build/stm32g0xx_ll_utils.o
 .debug_line    0x0000314c      0xdce build/stm32g0xx_ll_tim.o
 .debug_line    0x00003f1a      0x5ce build/stm32g0xx_ll_usart.o
 .debug_line    0x000044e8      0x1ec build/system_stm32g0xx.o
 .debug_line    0x000046d4      0x127 build/app.o
 .debug_line    0x000047fb      0x1c5 build/uart.o
 .debug_line    0x000049c0       0x74 build/startup_stm32g0b1xx.o
 .debug_line    0x00004a34      0x127 /usr/lib/gcc/arm-none-eabi/15.2.0/../../../../arm-none-eabi/lib/thumb/v6-m/nofp/libc_nano.a(libc_a-memset.o)
 .debug_line    0x00004b5b      0x103 /usr/lib/gcc/arm-none-eabi/15.2.0/../../../../arm-none-eabi/lib/thumb/v6-m/nofp/libc_nano.a(libc_a-init.o)
 .debug_line    0x00004c5e       0x56 /usr/lib/gcc/arm-none-eabi/15.2.0/thumb/v6-m/nofp/libgcc.a(_udivsi3.o)
 .debug_line    0x00004cb4       0x4a /usr/lib/gcc/arm-none-eabi/15.2.0/thumb/v6-m/nofp/libgcc.a(_dvmd_tls.o)

.debug_str      0x00000000     0x27c9
 .debug_str     0x00000000     0x27c9 build/main.o
                               0x121a (size before relaxing)
 .debug_str     0x000027c9        0x0 build/stm32g0xx_it.o
                                0x285 (size before relaxing)
 .debug_str     0x000027c9        0x0 build/stm32g0xx_ll_gpio.o
                                0x408 (size before relaxing)
 .debug_str     0x000027c9        0x0 build/stm32g0xx_ll_adc.o
                                0x61f (size before relaxing)
 .debug_str     0x000027c9        0x0 build/stm32g0xx_ll_rcc.o
                                0xa18 (size before relaxing)
 .debug_str     0x000027c9        0x0 build/stm32g0xx_ll_utils.o
                                0x6ea (size before relaxing)
 .debug_str     0x000027c9        0x0 build/stm32g0xx_ll_tim.o
                                0x98c (size before relaxing)
 .debug_str     0x000027c9        0x0 build/stm32g0xx_ll_usart.o
                                0x5cb (size before relaxing)
 .debug_str     0x000027c9        0x0 build/system_stm32g0xx.o
                                0x2cb (size before relaxing)
 .debug_str     0x000027c9        0x0 build/app.o
                                0x1cb (size before relaxing)
 .debug_str     0x000027c9        0x0 build/uart.o
                                0x288 (size before relaxing)
 .debug_str     0x000027c9        0x0 build/startup_stm32g0b1xx.o
                                 0x93 (size before relaxing)
 .debug_str     0x000027c9        0x0 /usr/lib/gcc/arm-none-eabi/15.2.0/../../../../arm-none-eabi/lib/thumb/v6-m/nofp/libc_nano.a(libc_a-memset.o)
                                0x1d8 (size before relaxing)
 .debug_str     0x000027c9        0x0 /usr/lib/gcc/arm-none-eabi/15.2.0/../../../../arm-none-eabi/lib/thumb/v6-m/nofp/libc_nano.a(libc_a-init.o)
                                0x239 (size before relaxing)
 .debug_str     0x000027c9        0x0 /usr/lib/gcc/arm-none-eabi/15.2.0/thumb/v6-m/nofp/libgcc.a(_udivsi3.o)
                                 0xed (size before relaxing)
 .debug_str     0x000027c9        0x0 /usr/lib/gcc/arm-none-eabi/15.2.0/thumb/v6-m/nofp/libgcc.a(_dvmd_tls.o)
                                 0xee (size before relaxing)

.debug_frame    0x00000000      0x904
 .debug_frame   0x00000000       0xd8 build/main.o
 .debug_frame   0x000000d8       0x70 build/stm32g0xx_it.o
 .debug_frame   0x00000148       0x50 build/stm32g0xx_ll_gpio.o
 .debug_frame   0x00000198       0xac build/stm32g0xx_ll_adc.o
 .debug_frame   0x00000244      0x238 build/stm32g0xx_ll_rcc.o
 .debug_frame   0x0000047c       0xdc build/stm32g0xx_ll_utils.o
 .debug_frame   0x00000558      0x214 build/stm32g0xx_ll_tim.o
 .debug_frame   0x0000076c       0x8c build/stm32g0xx_ll_usart.o
 .debug_frame   0x000007f8       0x38 build/system_stm32g0xx.o
 .debug_frame   0x00000830       0x30 build/app.o
 .debug_frame   0x00000860       0x38 build/uart.o
 .debug_frame   0x00000898       0x20 /usr/lib/gcc/arm-none-eabi/15.2.0/../../../../arm-none-eabi/lib/thumb/v6-m/nofp/libc_nano.a(libc_a-memset.o)
 .debug_frame   0x000008b8       0x2c /usr/lib/gcc/arm-none-eabi/15.2.0/../../../../arm-none-eabi/lib/thumb/v6-m/nofp/libc_nano.a(libc_a-init.o)
 .debug_frame   0x000008e4       0x20 /usr/lib/gcc/arm-none-eabi/15.2.0/thumb/v6-m/nofp/libgcc.a(_udivsi3.o)

.debug_loclists
                0x00000000       0xc5
 .debug_loclists
                0x00000000       0x6a /usr/lib/gcc/arm-none-eabi/15.2.0/../../../../arm-none-eabi/lib/thumb/v6-m/nofp/libc_nano.a(libc_a-memset.o)
 .debug_loclists
                0x0000006a       0x5b /usr/lib/gcc/arm-none-eabi/15.2.0/../../../../arm-none-eabi/lib/thumb/v6-m/nofp/libc_nano.a(libc_a-init.o)

.debug_rnglists
                0x00000000       0x26
 .debug_rnglists
                0x00000000       0x13 /usr/lib/gcc/arm-none-eabi/15.2.0/../../../../arm-none-eabi/lib/thumb/v6-m/nofp/libc_nano.a(libc_a-memset.o)
 .debug_rnglists
                0x00000013       0x13 /usr/lib/gcc/arm-none-eabi/15.2.0/../../../../arm-none-eabi/lib/thumb/v6-m/nofp/libc_nano.a(libc_a-init.o)

.debug_line_str
                0x00000000       0xc6
 .debug_line_str
                0x00000000       0xc6 /usr/lib/gcc/arm-none-eabi/15.2.0/thumb/v6-m/nofp/libgcc.a(_udivsi3.o)
 .debug_line_str
                0x000000c6        0x0 /usr/lib/gcc/arm-none-eabi/15.2.0/thumb/v6-m/nofp/libgcc.a(_dvmd_tls.o)
                                 0xc6 (size before relaxing)

Cross Reference Table

Symbol                                            File
ADC1_COMP_IRQHandler                              build/startup_stm32g0b1xx.o
AHBPrescTable                                     build/system_stm32g0xx.o
                                                  build/stm32g0xx_ll_utils.o
                                                  build/stm32g0xx_ll_rcc.o
APBPrescTable                                     build/system_stm32g0xx.o
                                                  build/stm32g0xx_ll_rcc.o
CEC_IRQHandler                                    build/startup_stm32g0b1xx.o
DMA1_Ch4_7_DMA2_Ch1_5_DMAMUX1_OVR_IRQHandler      build/startup_stm32g0b1xx.o
DMA1_Channel1_IRQHandler                          build/startup_stm32g0b1xx.o
DMA1_Channel2_3_IRQHandler                        build/startup_stm32g0b1xx.o
Default_Handler                                   build/startup_stm32g0b1xx.o
EXTI0_1_IRQHandler                                build/startup_stm32g0b1xx.o
EXTI2_3_IRQHandler                                build/startup_stm32g0b1xx.o
EXTI4_15_IRQHandler                               build/startup_stm32g0b1xx.o
Error_Handler                                     build/main.o
FLASH_IRQHandler                                  build/startup_stm32g0b1xx.o
HardFault_Handler                                 build/stm32g0xx_it.o
I2C1_IRQHandler                                   build/startup_stm32g0b1xx.o
I2C2_3_IRQHandler                                 build/startup_stm32g0b1xx.o
LL_ADC_CommonDeInit                               build/stm32g0xx_ll_adc.o
LL_ADC_CommonInit                                 build/stm32g0xx_ll_adc.o
LL_ADC_CommonStructInit                           build/stm32g0xx_ll_adc.o
LL_ADC_DeInit                                     build/stm32g0xx_ll_adc.o
LL_ADC_Init                                       build/stm32g0xx_ll_adc.o
                                                  build/main.o
LL_ADC_REG_Init                                   build/stm32g0xx_ll_adc.o
                                                  build/main.o
LL_ADC_REG_StructInit                             build/stm32g0xx_ll_adc.o
LL_ADC_StructInit                                 build/stm32g0xx_ll_adc.o
LL_CRS_DeInit                                     build/stm32g0xx_ll_crs.o
LL_DMA_DeInit                                     build/stm32g0xx_ll_dma.o
LL_DMA_Init                                       build/stm32g0xx_ll_dma.o
LL_DMA_StructInit                                 build/stm32g0xx_ll_dma.o
LL_EXTI_DeInit                                    build/stm32g0xx_ll_exti.o
LL_EXTI_Init                                      build/stm32g0xx_ll_exti.o
LL_EXTI_StructInit                                build/stm32g0xx_ll_exti.o
LL_GPIO_DeInit                                    build/stm32g0xx_ll_gpio.o
LL_GPIO_Init                                      build/stm32g0xx_ll_gpio.o
                                                  build/main.o
LL_GPIO_StructInit                                build/stm32g0xx_ll_gpio.o
LL_Init1msTick                                    build/stm32g0xx_ll_utils.o
                                                  build/main.o
LL_PLL_ConfigSystemClock_HSE                      build/stm32g0xx_ll_utils.o
LL_PLL_ConfigSystemClock_HSI                      build/stm32g0xx_ll_utils.o
LL_PWR_DeInit                                     build/stm32g0xx_ll_pwr.o
LL_RCC_DeInit                                     build/stm32g0xx_ll_rcc.o
LL_RCC_GetADCClockFreq                            build/stm32g0xx_ll_rcc.o
LL_RCC_GetCECClockFreq                            build/stm32g0xx_ll_rcc.o
LL_RCC_GetFDCANClockFreq                          build/stm32g0xx_ll_rcc.o
LL_RCC_GetI2CClockFreq                            build/stm32g0xx_ll_rcc.o
LL_RCC_GetI2SClockFreq                            build/stm32g0xx_ll_rcc.o
LL_RCC_GetLPTIMClockFreq                          build/stm32g0xx_ll_rcc.o
LL_RCC_GetLPUARTClockFreq                         build/stm32g0xx_ll_rcc.o
LL_RCC_GetRTCClockFreq                            build/stm32g0xx_ll_rcc.o
LL_RCC_GetSystemClocksFreq                        build/stm32g0xx_ll_rcc.o
                                                  build/stm32g0xx_ll_usart.o
LL_RCC_GetTIMClockFreq                            build/stm32g0xx_ll_rcc.o
LL_RCC_GetUSARTClockFreq                          build/stm32g0xx_ll_rcc.o
                                                  build/stm32g0xx_ll_usart.o
LL_RCC_GetUSBClockFreq                            build/stm32g0xx_ll_rcc.o
LL_SetFlashLatency                                build/stm32g0xx_ll_utils.o
LL_SetSystemCoreClock                             build/stm32g0xx_ll_utils.o
                                                  build/main.o
LL_TIM_BDTR_Init                                  build/stm32g0xx_ll_tim.o
                                                  build/main.o
LL_TIM_BDTR_StructInit                            build/stm32g0xx_ll_tim.o
LL_TIM_DeInit                                     build/stm32g0xx_ll_tim.o
LL_TIM_ENCODER_Init                               build/stm32g0xx_ll_tim.o
LL_TIM_ENCODER_StructInit                         build/stm32g0xx_ll_tim.o
LL_TIM_HALLSENSOR_Init                            build/stm32g0xx_ll_tim.o
LL_TIM_HALLSENSOR_StructInit                      build/stm32g0xx_ll_tim.o
LL_TIM_IC_Init                                    build/stm32g0xx_ll_tim.o
LL_TIM_IC_StructInit                              build/stm32g0xx_ll_tim.o
LL_TIM_Init                                       build/stm32g0xx_ll_tim.o
                                                  build/main.o
LL_TIM_OC_Init                                    build/stm32g0xx_ll_tim.o
                                                  build/main.o
LL_TIM_OC_StructInit                              build/stm32g0xx_ll_tim.o
LL_TIM_StructInit                                 build/stm32g0xx_ll_tim.o
LL_USART_ClockInit                                build/stm32g0xx_ll_usart.o
LL_USART_ClockStructInit                          build/stm32g0xx_ll_usart.o
LL_USART_DeInit                                   build/stm32g0xx_ll_usart.o
LL_USART_Init                                     build/stm32g0xx_ll_usart.o
                                                  build/main.o
LL_USART_StructInit                               build/stm32g0xx_ll_usart.o
LL_mDelay                                         build/stm32g0xx_ll_utils.o
NMI_Handler                                       build/stm32g0xx_it.o
PVD_VDDIO2_IRQHandler                             build/startup_stm32g0b1xx.o
PendSV_Handler                                    build/stm32g0xx_it.o
RCC_CRS_IRQHandler                                build/startup_stm32g0b1xx.o
RTC_TAMP_IRQHandler                               build/startup_stm32g0b1xx.o
Reset_Handler                                     build/startup_stm32g0b1xx.o
SPI1_IRQHandler                                   build/startup_stm32g0b1xx.o
SPI2_3_IRQHandler                                 build/startup_stm32g0b1xx.o
SVC_Handler                                       build/stm32g0xx_it.o
SysTick_Handler                                   build/stm32g0xx_it.o
SystemClock_Config                                build/main.o
SystemCoreClock                                   build/system_stm32g0xx.o
                                                  build/stm32g0xx_ll_utils.o
                                                  build/main.o
SystemCoreClockUpdate                             build/system_stm32g0xx.o
SystemInit                                        build/system_stm32g0xx.o
                                                  build/startup_stm32g0b1xx.o
TIM14_IRQHandler                                  build/startup_stm32g0b1xx.o
TIM15_IRQHandler                                  build/startup_stm32g0b1xx.o
TIM16_FDCAN_IT0_IRQHandler                        build/startup_stm32g0b1xx.o
TIM17_FDCAN_IT1_IRQHandler                        build/startup_stm32g0b1xx.o
TIM1_BRK_UP_TRG_COM_IRQHandler                    build/startup_stm32g0b1xx.o
TIM1_CC_IRQHandler                                build/startup_stm32g0b1xx.o
TIM2_IRQHandler                                   build/startup_stm32g0b1xx.o
TIM3_TIM4_IRQHandler                              build/startup_stm32g0b1xx.o
TIM6_DAC_LPTIM1_IRQHandler                        build/startup_stm32g0b1xx.o
TIM7_LPTIM2_IRQHandler                            build/startup_stm32g0b1xx.o
USART1_IRQHandler                                 build/stm32g0xx_it.o
USART2_LPUART2_IRQHandler                         build/startup_stm32g0b1xx.o
USART3_4_5_6_LPUART1_IRQHandler                   build/startup_stm32g0b1xx.o
USB_UCPD1_2_IRQHandler                            build/startup_stm32g0b1xx.o
WWDG_IRQHandler                                   build/startup_stm32g0b1xx.o
_ITM_deregisterTMCloneTable                       /usr/lib/gcc/arm-none-eabi/15.2.0/thumb/v6-m/nofp/crtbegin.o
_ITM_registerTMCloneTable                         /usr/lib/gcc/arm-none-eabi/15.2.0/thumb/v6-m/nofp/crtbegin.o
_Min_Stack_Size                                   build/sysmem.o
__TMC_END__                                       /usr/lib/gcc/arm-none-eabi/15.2.0/thumb/v6-m/nofp/crtend.o
                                                  /usr/lib/gcc/arm-none-eabi/15.2.0/thumb/v6-m/nofp/crtbegin.o
__aeabi_idiv0                                     /usr/lib/gcc/arm-none-eabi/15.2.0/thumb/v6-m/nofp/libgcc.a(_dvmd_tls.o)
                                                  /usr/lib/gcc/arm-none-eabi/15.2.0/thumb/v6-m/nofp/libgcc.a(_udivsi3.o)
__aeabi_ldiv0                                     /usr/lib/gcc/arm-none-eabi/15.2.0/thumb/v6-m/nofp/libgcc.a(_dvmd_tls.o)
__aeabi_uidiv                                     /usr/lib/gcc/arm-none-eabi/15.2.0/thumb/v6-m/nofp/libgcc.a(_udivsi3.o)
                                                  build/system_stm32g0xx.o
                                                  build/stm32g0xx_ll_usart.o
                                                  build/stm32g0xx_ll_utils.o
                                                  build/stm32g0xx_ll_rcc.o
                                                  build/main.o
__aeabi_uidivmod                                  /usr/lib/gcc/arm-none-eabi/15.2.0/thumb/v6-m/nofp/libgcc.a(_udivsi3.o)
__atexit                                          /usr/lib/gcc/arm-none-eabi/15.2.0/../../../../arm-none-eabi/lib/thumb/v6-m/nofp/libc_nano.a(libc_a-__call_atexit.o)
                                                  /usr/lib/gcc/arm-none-eabi/15.2.0/../../../../arm-none-eabi/lib/thumb/v6-m/nofp/libc_nano.a(libc_a-__atexit.o)
__atexit0                                         /usr/lib/gcc/arm-none-eabi/15.2.0/../../../../arm-none-eabi/lib/thumb/v6-m/nofp/libc_nano.a(libc_a-__atexit.o)
__atexit_dummy                                    /usr/lib/gcc/arm-none-eabi/15.2.0/../../../../arm-none-eabi/lib/thumb/v6-m/nofp/libc_nano.a(libc_a-__atexit.o)
__atexit_recursive_mutex                          /usr/lib/gcc/arm-none-eabi/15.2.0/../../../../arm-none-eabi/lib/thumb/v6-m/nofp/libc_nano.a(libc_a-__call_atexit.o)
                                                  /usr/lib/gcc/arm-none-eabi/15.2.0/../../../../arm-none-eabi/lib/thumb/v6-m/nofp/libc_nano.a(libc_a-__atexit.o)
__bss_end__                                       /usr/lib/gcc/arm-none-eabi/15.2.0/../../../../arm-none-eabi/lib/thumb/v6-m/nofp/crt0.o
__bss_start__                                     /usr/lib/gcc/arm-none-eabi/15.2.0/../../../../arm-none-eabi/lib/thumb/v6-m/nofp/crt0.o
__call_exitprocs                                  /usr/lib/gcc/arm-none-eabi/15.2.0/../../../../arm-none-eabi/lib/thumb/v6-m/nofp/libc_nano.a(libc_a-__call_atexit.o)
                                                  /usr/lib/gcc/arm-none-eabi/15.2.0/../../../../arm-none-eabi/lib/thumb/v6-m/nofp/libc_nano.a(libc_a-__atexit.o)
                                                  /usr/lib/gcc/arm-none-eabi/15.2.0/../../../../arm-none-eabi/lib/thumb/v6-m/nofp/libc_nano.a(libc_a-exit.o)
__deregister_frame_info                           /usr/lib/gcc/arm-none-eabi/15.2.0/thumb/v6-m/nofp/crtbegin.o
__dso_handle                                      /usr/lib/gcc/arm-none-eabi/15.2.0/thumb/v6-m/nofp/crtbegin.o
__env                                             build/syscalls.o
__errno                                           /usr/lib/gcc/arm-none-eabi/15.2.0/../../../../arm-none-eabi/lib/thumb/v6-m/nofp/libc_nano.a(libc_a-errno.o)
                                                  build/syscalls.o
                                                  build/sysmem.o
__fini_array_end                                  /usr/lib/gcc/arm-none-eabi/15.2.0/../../../../arm-none-eabi/lib/thumb/v6-m/nofp/libc_nano.a(libc_a-fini.o)
__fini_array_start                                /usr/lib/gcc/arm-none-eabi/15.2.0/../../../../arm-none-eabi/lib/thumb/v6-m/nofp/libc_nano.a(libc_a-fini.o)
__fp_lock_all                                     /usr/lib/gcc/arm-none-eabi/15.2.0/../../../../arm-none-eabi/lib/thumb/v6-m/nofp/libc_nano.a(libc_a-findfp.o)
__fp_unlock_all                                   /usr/lib/gcc/arm-none-eabi/15.2.0/../../../../arm-none-eabi/lib/thumb/v6-m/nofp/libc_nano.a(libc_a-findfp.o)
__init_array_end                                  /usr/lib/gcc/arm-none-eabi/15.2.0/../../../../arm-none-eabi/lib/thumb/v6-m/nofp/libc_nano.a(libc_a-init.o)
__init_array_start                                /usr/lib/gcc/arm-none-eabi/15.2.0/../../../../arm-none-eabi/lib/thumb/v6-m/nofp/libc_nano.a(libc_a-init.o)
__io_getchar                                      build/syscalls.o
__io_putchar                                      build/syscalls.o
__libc_fini_array                                 /usr/lib/gcc/arm-none-eabi/15.2.0/../../../../arm-none-eabi/lib/thumb/v6-m/nofp/libc_nano.a(libc_a-fini.o)
                                                  /usr/lib/gcc/arm-none-eabi/15.2.0/../../../../arm-none-eabi/lib/thumb/v6-m/nofp/crt0.o
__libc_init_array                                 /usr/lib/gcc/arm-none-eabi/15.2.0/../../../../arm-none-eabi/lib/thumb/v6-m/nofp/libc_nano.a(libc_a-init.o)
                                                  build/startup_stm32g0b1xx.o
                                                  /usr/lib/gcc/arm-none-eabi/15.2.0/../../../../arm-none-eabi/lib/thumb/v6-m/nofp/crt0.o
__lock___arc4random_mutex                         /usr/lib/gcc/arm-none-eabi/15.2.0/../../../../arm-none-eabi/lib/thumb/v6-m/nofp/libc_nano.a(libc_a-lock.o)
__lock___at_quick_exit_mutex                      /usr/lib/gcc/arm-none-eabi/15.2.0/../../../../arm-none-eabi/lib/thumb/v6-m/nofp/libc_nano.a(libc_a-lock.o)
__lock___atexit_recursive_mutex                   /usr/lib/gcc/arm-none-eabi/15.2.0/../../../../arm-none-eabi/lib/thumb/v6-m/nofp/libc_nano.a(libc_a-lock.o)
                                                  /usr/lib/gcc/arm-none-eabi/15.2.0/../../../../arm-none-eabi/lib/thumb/v6-m/nofp/libc_nano.a(libc_a-__call_atexit.o)
__lock___dd_hash_mutex                            /usr/lib/gcc/arm-none-eabi/15.2.0/../../../../arm-none-eabi/lib/thumb/v6-m/nofp/libc_nano.a(libc_a-lock.o)
__lock___env_recursive_mutex                      /usr/lib/gcc/arm-none-eabi/15.2.0/../../../../arm-none-eabi/lib/thumb/v6-m/nofp/libc_nano.a(libc_a-lock.o)
__lock___malloc_recursive_mutex                   /usr/lib/gcc/arm-none-eabi/15.2.0/../../../../arm-none-eabi/lib/thumb/v6-m/nofp/libc_nano.a(libc_a-lock.o)
                                                  /usr/lib/gcc/arm-none-eabi/15.2.0/../../../../arm-none-eabi/lib/thumb/v6-m/nofp/libc_nano.a(libc_a-mlock.o)
__lock___sfp_recursive_mutex                      /usr/lib/gcc/arm-none-eabi/15.2.0/../../../../arm-none-eabi/lib/thumb/v6-m/nofp/libc_nano.a(libc_a-lock.o)
                                                  /usr/lib/gcc/arm-none-eabi/15.2.0/../../../../arm-none-eabi/lib/thumb/v6-m/nofp/libc_nano.a(libc_a-findfp.o)
__lock___tz_mutex                                 /usr/lib/gcc/arm-none-eabi/15.2.0/../../../../arm-none-eabi/lib/thumb/v6-m/nofp/libc_nano.a(libc_a-lock.o)
__malloc_free_list                                /usr/lib/gcc/arm-none-eabi/15.2.0/../../../../arm-none-eabi/lib/thumb/v6-m/nofp/libc_nano.a(libc_a-mallocr.o)
                                                  /usr/lib/gcc/arm-none-eabi/15.2.0/../../../../arm-none-eabi/lib/thumb/v6-m/nofp/libc_nano.a(libc_a-freer.o)
__malloc_lock                                     /usr/lib/gcc/arm-none-eabi/15.2.0/../../../../arm-none-eabi/lib/thumb/v6-m/nofp/libc_nano.a(libc_a-mlock.o)
                                                  /usr/lib/gcc/arm-none-eabi/15.2.0/../../../../arm-none-eabi/lib/thumb/v6-m/nofp/libc_nano.a(libc_a-mallocr.o)
                                                  /usr/lib/gcc/arm-none-eabi/15.2.0/../../../../arm-none-eabi/lib/thumb/v6-m/nofp/libc_nano.a(libc_a-freer.o)
__malloc_sbrk_start                               /usr/lib/gcc/arm-none-eabi/15.2.0/../../../../arm-none-eabi/lib/thumb/v6-m/nofp/libc_nano.a(libc_a-mallocr.o)
__malloc_unlock                                   /usr/lib/gcc/arm-none-eabi/15.2.0/../../../../arm-none-eabi/lib/thumb/v6-m/nofp/libc_nano.a(libc_a-mlock.o)
                                                  /usr/lib/gcc/arm-none-eabi/15.2.0/../../../../arm-none-eabi/lib/thumb/v6-m/nofp/libc_nano.a(libc_a-mallocr.o)
                                                  /usr/lib/gcc/arm-none-eabi/15.2.0/../../../../arm-none-eabi/lib/thumb/v6-m/nofp/libc_nano.a(libc_a-freer.o)
__on_exit_args                                    /usr/lib/gcc/arm-none-eabi/15.2.0/../../../../arm-none-eabi/lib/thumb/v6-m/nofp/libc_nano.a(libc_a-__atexit.o)
__preinit_array_end                               /usr/lib/gcc/arm-none-eabi/15.2.0/../../../../arm-none-eabi/lib/thumb/v6-m/nofp/libc_nano.a(libc_a-init.o)
__preinit_array_start                             /usr/lib/gcc/arm-none-eabi/15.2.0/../../../../arm-none-eabi/lib/thumb/v6-m/nofp/libc_nano.a(libc_a-init.o)
__register_exitproc                               /usr/lib/gcc/arm-none-eabi/15.2.0/../../../../arm-none-eabi/lib/thumb/v6-m/nofp/libc_nano.a(libc_a-__atexit.o)
                                                  /usr/lib/gcc/arm-none-eabi/15.2.0/../../../../arm-none-eabi/lib/thumb/v6-m/nofp/libc_nano.a(libc_a-atexit.o)
__register_frame_info                             /usr/lib/gcc/arm-none-eabi/15.2.0/thumb/v6-m/nofp/crtbegin.o
__retarget_lock_acquire                           /usr/lib/gcc/arm-none-eabi/15.2.0/../../../../arm-none-eabi/lib/thumb/v6-m/nofp/libc_nano.a(libc_a-lock.o)
__retarget_lock_acquire_recursive                 /usr/lib/gcc/arm-none-eabi/15.2.0/../../../../arm-none-eabi/lib/thumb/v6-m/nofp/libc_nano.a(libc_a-lock.o)
                                                  /usr/lib/gcc/arm-none-eabi/15.2.0/../../../../arm-none-eabi/lib/thumb/v6-m/nofp/libc_nano.a(libc_a-fflush.o)
                                                  /usr/lib/gcc/arm-none-eabi/15.2.0/../../../../arm-none-eabi/lib/thumb/v6-m/nofp/libc_nano.a(libc_a-mlock.o)
                                                  /usr/lib/gcc/arm-none-eabi/15.2.0/../../../../arm-none-eabi/lib/thumb/v6-m/nofp/libc_nano.a(libc_a-__call_atexit.o)
                                                  /usr/lib/gcc/arm-none-eabi/15.2.0/../../../../arm-none-eabi/lib/thumb/v6-m/nofp/libc_nano.a(libc_a-__atexit.o)
                                                  /usr/lib/gcc/arm-none-eabi/15.2.0/../../../../arm-none-eabi/lib/thumb/v6-m/nofp/libc_nano.a(libc_a-findfp.o)
__retarget_lock_close                             /usr/lib/gcc/arm-none-eabi/15.2.0/../../../../arm-none-eabi/lib/thumb/v6-m/nofp/libc_nano.a(libc_a-lock.o)
__retarget_lock_close_recursive                   /usr/lib/gcc/arm-none-eabi/15.2.0/../../../../arm-none-eabi/lib/thumb/v6-m/nofp/libc_nano.a(libc_a-lock.o)
__retarget_lock_init                              /usr/lib/gcc/arm-none-eabi/15.2.0/../../../../arm-none-eabi/lib/thumb/v6-m/nofp/libc_nano.a(libc_a-lock.o)
__retarget_lock_init_recursive                    /usr/lib/gcc/arm-none-eabi/15.2.0/../../../../arm-none-eabi/lib/thumb/v6-m/nofp/libc_nano.a(libc_a-lock.o)
                                                  /usr/lib/gcc/arm-none-eabi/15.2.0/../../../../arm-none-eabi/lib/thumb/v6-m/nofp/libc_nano.a(libc_a-findfp.o)
__retarget_lock_release                           /usr/lib/gcc/arm-none-eabi/15.2.0/../../../../arm-none-eabi/lib/thumb/v6-m/nofp/libc_nano.a(libc_a-lock.o)
__retarget_lock_release_recursive                 /usr/lib/gcc/arm-none-eabi/15.2.0/../../../../arm-none-eabi/lib/thumb/v6-m/nofp/libc_nano.a(libc_a-lock.o)
                                                  /usr/lib/gcc/arm-none-eabi/15.2.0/../../../../arm-none-eabi/lib/thumb/v6-m/nofp/libc_nano.a(libc_a-fflush.o)
                                                  /usr/lib/gcc/arm-none-eabi/15.2.0/../../../../arm-none-eabi/lib/thumb/v6-m/nofp/libc_nano.a(libc_a-mlock.o)
                                                  /usr/lib/gcc/arm-none-eabi/15.2.0/../../../../arm-none-eabi/lib/thumb/v6-m/nofp/libc_nano.a(libc_a-__call_atexit.o)
                                                  /usr/lib/gcc/arm-none-eabi/15.2.0/../../../../arm-none-eabi/lib/thumb/v6-m/nofp/libc_nano.a(libc_a-__atexit.o)
                                                  /usr/lib/gcc/arm-none-eabi/15.2.0/../../../../arm-none-eabi/lib/thumb/v6-m/nofp/libc_nano.a(libc_a-findfp.o)
__retarget_lock_try_acquire                       /usr/lib/gcc/arm-none-eabi/15.2.0/../../../../arm-none-eabi/lib/thumb/v6-m/nofp/libc_nano.a(libc_a-lock.o)
__retarget_lock_try_acquire_recursive             /usr/lib/gcc/arm-none-eabi/15.2.0/../../../../arm-none-eabi/lib/thumb/v6-m/nofp/libc_nano.a(libc_a-lock.o)
__sclose                                          /usr/lib/gcc/arm-none-eabi/15.2.0/../../../../arm-none-eabi/lib/thumb/v6-m/nofp/libc_nano.a(libc_a-stdio.o)
                                                  /usr/lib/gcc/arm-none-eabi/15.2.0/../../../../arm-none-eabi/lib/thumb/v6-m/nofp/libc_nano.a(libc_a-findfp.o)
__seofread                                        /usr/lib/gcc/arm-none-eabi/15.2.0/../../../../arm-none-eabi/lib/thumb/v6-m/nofp/libc_nano.a(libc_a-stdio.o)
__sf                                              /usr/lib/gcc/arm-none-eabi/15.2.0/../../../../arm-none-eabi/lib/thumb/v6-m/nofp/libc_nano.a(libc_a-findfp.o)
                                                  /usr/lib/gcc/arm-none-eabi/15.2.0/../../../../arm-none-eabi/lib/thumb/v6-m/nofp/libc_nano.a(libc_a-impure.o)
__sflush_r                                        /usr/lib/gcc/arm-none-eabi/15.2.0/../../../../arm-none-eabi/lib/thumb/v6-m/nofp/libc_nano.a(libc_a-fflush.o)
__sfp                                             /usr/lib/gcc/arm-none-eabi/15.2.0/../../../../arm-none-eabi/lib/thumb/v6-m/nofp/libc_nano.a(libc_a-findfp.o)
__sfp_lock_acquire                                /usr/lib/gcc/arm-none-eabi/15.2.0/../../../../arm-none-eabi/lib/thumb/v6-m/nofp/libc_nano.a(libc_a-findfp.o)
__sfp_lock_release                                /usr/lib/gcc/arm-none-eabi/15.2.0/../../../../arm-none-eabi/lib/thumb/v6-m/nofp/libc_nano.a(libc_a-findfp.o)
__sglue                                           /usr/lib/gcc/arm-none-eabi/15.2.0/../../../../arm-none-eabi/lib/thumb/v6-m/nofp/libc_nano.a(libc_a-findfp.o)
                                                  /usr/lib/gcc/arm-none-eabi/15.2.0/../../../../arm-none-eabi/lib/thumb/v6-m/nofp/libc_nano.a(libc_a-fflush.o)
__sinit                                           /usr/lib/gcc/arm-none-eabi/15.2.0/../../../../arm-none-eabi/lib/thumb/v6-m/nofp/libc_nano.a(libc_a-findfp.o)
                                                  /usr/lib/gcc/arm-none-eabi/15.2.0/../../../../arm-none-eabi/lib/thumb/v6-m/nofp/libc_nano.a(libc_a-fflush.o)
__sread                                           /usr/lib/gcc/arm-none-eabi/15.2.0/../../../../arm-none-eabi/lib/thumb/v6-m/nofp/libc_nano.a(libc_a-stdio.o)
                                                  /usr/lib/gcc/arm-none-eabi/15.2.0/../../../../arm-none-eabi/lib/thumb/v6-m/nofp/libc_nano.a(libc_a-findfp.o)
__sseek                                           /usr/lib/gcc/arm-none-eabi/15.2.0/../../../../arm-none-eabi/lib/thumb/v6-m/nofp/libc_nano.a(libc_a-stdio.o)
                                                  /usr/lib/gcc/arm-none-eabi/15.2.0/../../../../arm-none-eabi/lib/thumb/v6-m/nofp/libc_nano.a(libc_a-findfp.o)
__stack                                           /usr/lib/gcc/arm-none-eabi/15.2.0/../../../../arm-none-eabi/lib/thumb/v6-m/nofp/crt0.o
__stdio_exit_handler                              /usr/lib/gcc/arm-none-eabi/15.2.0/../../../../arm-none-eabi/lib/thumb/v6-m/nofp/libc_nano.a(libc_a-findfp.o)
                                                  /usr/lib/gcc/arm-none-eabi/15.2.0/../../../../arm-none-eabi/lib/thumb/v6-m/nofp/libc_nano.a(libc_a-exit.o)
__swrite                                          /usr/lib/gcc/arm-none-eabi/15.2.0/../../../../arm-none-eabi/lib/thumb/v6-m/nofp/libc_nano.a(libc_a-stdio.o)
                                                  /usr/lib/gcc/arm-none-eabi/15.2.0/../../../../arm-none-eabi/lib/thumb/v6-m/nofp/libc_nano.a(libc_a-findfp.o)
__udivsi3                                         /usr/lib/gcc/arm-none-eabi/15.2.0/thumb/v6-m/nofp/libgcc.a(_udivsi3.o)
_close                                            build/syscalls.o
                                                  /usr/lib/gcc/arm-none-eabi/15.2.0/../../../../arm-none-eabi/lib/thumb/v6-m/nofp/libc_nano.a(libc_a-closer.o)
_close_r                                          /usr/lib/gcc/arm-none-eabi/15.2.0/../../../../arm-none-eabi/lib/thumb/v6-m/nofp/libc_nano.a(libc_a-closer.o)
                                                  /usr/lib/gcc/arm-none-eabi/15.2.0/../../../../arm-none-eabi/lib/thumb/v6-m/nofp/libc_nano.a(libc_a-stdio.o)
_ebss                                             build/startup_stm32g0b1xx.o
_edata                                            build/startup_stm32g0b1xx.o
_end                                              build/sysmem.o
_estack                                           build/startup_stm32g0b1xx.o
                                                  build/sysmem.o
_execve                                           build/syscalls.o
_exit                                             build/syscalls.o
                                                  /usr/lib/gcc/arm-none-eabi/15.2.0/../../../../arm-none-eabi/lib/thumb/v6-m/nofp/libc_nano.a(libc_a-exit.o)
_fflush_r                                         /usr/lib/gcc/arm-none-eabi/15.2.0/../../../../arm-none-eabi/lib/thumb/v6-m/nofp/libc_nano.a(libc_a-fflush.o)
                                                  /usr/lib/gcc/arm-none-eabi/15.2.0/../../../../arm-none-eabi/lib/thumb/v6-m/nofp/libc_nano.a(libc_a-findfp.o)
_fini                                             /usr/lib/gcc/arm-none-eabi/15.2.0/thumb/v6-m/nofp/crti.o
                                                  /usr/lib/gcc/arm-none-eabi/15.2.0/../../../../arm-none-eabi/lib/thumb/v6-m/nofp/libc_nano.a(libc_a-fini.o)
_fork                                             build/syscalls.o
_free_r                                           /usr/lib/gcc/arm-none-eabi/15.2.0/../../../../arm-none-eabi/lib/thumb/v6-m/nofp/libc_nano.a(libc_a-freer.o)
                                                  /usr/lib/gcc/arm-none-eabi/15.2.0/../../../../arm-none-eabi/lib/thumb/v6-m/nofp/libc_nano.a(libc_a-fflush.o)
                                                  /usr/lib/gcc/arm-none-eabi/15.2.0/../../../../arm-none-eabi/lib/thumb/v6-m/nofp/libc_nano.a(libc_a-reent.o)
_fstat                                            build/syscalls.o
_fwalk_sglue                                      /usr/lib/gcc/arm-none-eabi/15.2.0/../../../../arm-none-eabi/lib/thumb/v6-m/nofp/libc_nano.a(libc_a-fwalk.o)
                                                  /usr/lib/gcc/arm-none-eabi/15.2.0/../../../../arm-none-eabi/lib/thumb/v6-m/nofp/libc_nano.a(libc_a-fflush.o)
                                                  /usr/lib/gcc/arm-none-eabi/15.2.0/../../../../arm-none-eabi/lib/thumb/v6-m/nofp/libc_nano.a(libc_a-findfp.o)
_getpid                                           build/syscalls.o
_impure_data                                      /usr/lib/gcc/arm-none-eabi/15.2.0/../../../../arm-none-eabi/lib/thumb/v6-m/nofp/libc_nano.a(libc_a-impure.o)
                                                  /usr/lib/gcc/arm-none-eabi/15.2.0/../../../../arm-none-eabi/lib/thumb/v6-m/nofp/libc_nano.a(libc_a-fflush.o)
                                                  /usr/lib/gcc/arm-none-eabi/15.2.0/../../../../arm-none-eabi/lib/thumb/v6-m/nofp/libc_nano.a(libc_a-findfp.o)
_impure_ptr                                       /usr/lib/gcc/arm-none-eabi/15.2.0/../../../../arm-none-eabi/lib/thumb/v6-m/nofp/libc_nano.a(libc_a-impure.o)
                                                  /usr/lib/gcc/arm-none-eabi/15.2.0/../../../../arm-none-eabi/lib/thumb/v6-m/nofp/libc_nano.a(libc_a-fflush.o)
                                                  /usr/lib/gcc/arm-none-eabi/15.2.0/../../../../arm-none-eabi/lib/thumb/v6-m/nofp/libc_nano.a(libc_a-errno.o)
                                                  /usr/lib/gcc/arm-none-eabi/15.2.0/../../../../arm-none-eabi/lib/thumb/v6-m/nofp/libc_nano.a(libc_a-reent.o)
_init                                             /usr/lib/gcc/arm-none-eabi/15.2.0/thumb/v6-m/nofp/crti.o
                                                  /usr/lib/gcc/arm-none-eabi/15.2.0/../../../../arm-none-eabi/lib/thumb/v6-m/nofp/libc_nano.a(libc_a-init.o)
_isatty                                           build/syscalls.o
_kill                                             build/syscalls.o
_link                                             build/syscalls.o
_lseek                                            build/syscalls.o
                                                  /usr/lib/gcc/arm-none-eabi/15.2.0/../../../../arm-none-eabi/lib/thumb/v6-m/nofp/libc_nano.a(libc_a-lseekr.o)
_lseek_r                                          /usr/lib/gcc/arm-none-eabi/15.2.0/../../../../arm-none-eabi/lib/thumb/v6-m/nofp/libc_nano.a(libc_a-lseekr.o)
                                                  /usr/lib/gcc/arm-none-eabi/15.2.0/../../../../arm-none-eabi/lib/thumb/v6-m/nofp/libc_nano.a(libc_a-stdio.o)
_mainCRTStartup                                   /usr/lib/gcc/arm-none-eabi/15.2.0/../../../../arm-none-eabi/lib/thumb/v6-m/nofp/crt0.o
_malloc_r                                         /usr/lib/gcc/arm-none-eabi/15.2.0/../../../../arm-none-eabi/lib/thumb/v6-m/nofp/libc_nano.a(libc_a-mallocr.o)
                                                  /usr/lib/gcc/arm-none-eabi/15.2.0/../../../../arm-none-eabi/lib/thumb/v6-m/nofp/libc_nano.a(libc_a-findfp.o)
_open                                             build/syscalls.o
_read                                             build/syscalls.o
                                                  /usr/lib/gcc/arm-none-eabi/15.2.0/../../../../arm-none-eabi/lib/thumb/v6-m/nofp/libc_nano.a(libc_a-readr.o)
_read_r                                           /usr/lib/gcc/arm-none-eabi/15.2.0/../../../../arm-none-eabi/lib/thumb/v6-m/nofp/libc_nano.a(libc_a-readr.o)
                                                  /usr/lib/gcc/arm-none-eabi/15.2.0/../../../../arm-none-eabi/lib/thumb/v6-m/nofp/libc_nano.a(libc_a-stdio.o)
_reclaim_reent                                    /usr/lib/gcc/arm-none-eabi/15.2.0/../../../../arm-none-eabi/lib/thumb/v6-m/nofp/libc_nano.a(libc_a-reent.o)
_sbrk                                             build/sysmem.o
                                                  /usr/lib/gcc/arm-none-eabi/15.2.0/../../../../arm-none-eabi/lib/thumb/v6-m/nofp/libc_nano.a(libc_a-sbrkr.o)
_sbrk_r                                           /usr/lib/gcc/arm-none-eabi/15.2.0/../../../../arm-none-eabi/lib/thumb/v6-m/nofp/libc_nano.a(libc_a-sbrkr.o)
                                                  /usr/lib/gcc/arm-none-eabi/15.2.0/../../../../arm-none-eabi/lib/thumb/v6-m/nofp/libc_nano.a(libc_a-mallocr.o)
_sbss                                             build/startup_stm32g0b1xx.o
_sdata                                            build/startup_stm32g0b1xx.o
_sidata                                           build/startup_stm32g0b1xx.o
_stack_init                                       /usr/lib/gcc/arm-none-eabi/15.2.0/../../../../arm-none-eabi/lib/thumb/v6-m/nofp/crt0.o
_start                                            /usr/lib/gcc/arm-none-eabi/15.2.0/../../../../arm-none-eabi/lib/thumb/v6-m/nofp/crt0.o
_stat                                             build/syscalls.o
_times                                            build/syscalls.o
_unlink                                           build/syscalls.o
_wait                                             build/syscalls.o
_write                                            build/syscalls.o
                                                  /usr/lib/gcc/arm-none-eabi/15.2.0/../../../../arm-none-eabi/lib/thumb/v6-m/nofp/libc_nano.a(libc_a-writer.o)
_write_r                                          /usr/lib/gcc/arm-none-eabi/15.2.0/../../../../arm-none-eabi/lib/thumb/v6-m/nofp/libc_nano.a(libc_a-writer.o)
                                                  /usr/lib/gcc/arm-none-eabi/15.2.0/../../../../arm-none-eabi/lib/thumb/v6-m/nofp/libc_nano.a(libc_a-stdio.o)
app_init                                          build/app.o
                                                  build/main.o
app_update                                        build/app.o
                                                  build/main.o
atexit                                            /usr/lib/gcc/arm-none-eabi/15.2.0/../../../../arm-none-eabi/lib/thumb/v6-m/nofp/libc_nano.a(libc_a-atexit.o)
                                                  /usr/lib/gcc/arm-none-eabi/15.2.0/../../../../arm-none-eabi/lib/thumb/v6-m/nofp/crt0.o
environ                                           build/syscalls.o
errno                                             /usr/lib/gcc/arm-none-eabi/15.2.0/../../../../arm-none-eabi/lib/thumb/v6-m/nofp/libc_nano.a(libc_a-reent.o)
                                                  /usr/lib/gcc/arm-none-eabi/15.2.0/../../../../arm-none-eabi/lib/thumb/v6-m/nofp/libc_nano.a(libc_a-sbrkr.o)
                                                  /usr/lib/gcc/arm-none-eabi/15.2.0/../../../../arm-none-eabi/lib/thumb/v6-m/nofp/libc_nano.a(libc_a-writer.o)
                                                  /usr/lib/gcc/arm-none-eabi/15.2.0/../../../../arm-none-eabi/lib/thumb/v6-m/nofp/libc_nano.a(libc_a-readr.o)
                                                  /usr/lib/gcc/arm-none-eabi/15.2.0/../../../../arm-none-eabi/lib/thumb/v6-m/nofp/libc_nano.a(libc_a-lseekr.o)
                                                  /usr/lib/gcc/arm-none-eabi/15.2.0/../../../../arm-none-eabi/lib/thumb/v6-m/nofp/libc_nano.a(libc_a-closer.o)
exit                                              /usr/lib/gcc/arm-none-eabi/15.2.0/../../../../arm-none-eabi/lib/thumb/v6-m/nofp/libc_nano.a(libc_a-exit.o)
                                                  /usr/lib/gcc/arm-none-eabi/15.2.0/../../../../arm-none-eabi/lib/thumb/v6-m/nofp/crt0.o
fflush                                            /usr/lib/gcc/arm-none-eabi/15.2.0/../../../../arm-none-eabi/lib/thumb/v6-m/nofp/libc_nano.a(libc_a-fflush.o)
g_pfnVectors                                      build/startup_stm32g0b1xx.o
hardware_init_hook                                /usr/lib/gcc/arm-none-eabi/15.2.0/../../../../arm-none-eabi/lib/thumb/v6-m/nofp/crt0.o
initialise_monitor_handles                        build/syscalls.o
main                                              build/main.o
                                                  build/startup_stm32g0b1xx.o
                                                  /usr/lib/gcc/arm-none-eabi/15.2.0/../../../../arm-none-eabi/lib/thumb/v6-m/nofp/crt0.o
malloc                                            /usr/lib/gcc/arm-none-eabi/15.2.0/../../../../arm-none-eabi/lib/thumb/v6-m/nofp/libc_nano.a(libc_a-__atexit.o)
memset                                            /usr/lib/gcc/arm-none-eabi/15.2.0/../../../../arm-none-eabi/lib/thumb/v6-m/nofp/libc_nano.a(libc_a-memset.o)
                                                  /usr/lib/gcc/arm-none-eabi/15.2.0/../../../../arm-none-eabi/lib/thumb/v6-m/nofp/libc_nano.a(libc_a-findfp.o)
                                                  build/main.o
                                                  /usr/lib/gcc/arm-none-eabi/15.2.0/../../../../arm-none-eabi/lib/thumb/v6-m/nofp/crt0.o
millis                                            build/uart.o
software_init_hook                                /usr/lib/gcc/arm-none-eabi/15.2.0/../../../../arm-none-eabi/lib/thumb/v6-m/nofp/crt0.o
systick_counter                                   build/uart.o
                                                  build/stm32g0xx_it.o
uart_rx                                           build/uart.o
uart_tx                                           build/uart.o
